// Jest Snapshot v1, https://goo.gl/fbAQLP

exports[`CurrencyList component renders correctly Component renders correctly 1`] = `
<Fragment>
  <styled.ul
    favorite={true}
  >
    <Empty />
  </styled.ul>
  <styled.ul>
    <styled.li
      key="ZAR"
    >
      <styled.div>
        <styled.p>
          ZAR
        </styled.p>
        <styled.section
          onClick={[Function]}
          type="button"
        />
      </styled.div>
    </styled.li>
    <styled.li
      key="MXN"
    >
      <styled.div>
        <styled.p>
          MXN
        </styled.p>
        <styled.section
          onClick={[Function]}
          type="button"
        />
      </styled.div>
    </styled.li>
    <styled.li
      key="EUR"
    >
      <styled.div>
        <styled.p>
          EUR
        </styled.p>
        <styled.section
          onClick={[Function]}
          type="button"
        />
      </styled.div>
    </styled.li>
    <styled.li
      key="HKD"
    >
      <styled.div>
        <styled.p>
          HKD
        </styled.p>
        <styled.section
          onClick={[Function]}
          type="button"
        />
      </styled.div>
    </styled.li>
    <styled.li
      key="HUF"
    >
      <styled.div>
        <styled.p>
          HUF
        </styled.p>
        <styled.section
          onClick={[Function]}
          type="button"
        />
      </styled.div>
    </styled.li>
    <styled.li
      key="GBP"
    >
      <styled.div>
        <styled.p>
          GBP
        </styled.p>
        <styled.section
          onClick={[Function]}
          type="button"
        />
      </styled.div>
    </styled.li>
    <styled.li
      key="KRW"
    >
      <styled.div>
        <styled.p>
          KRW
        </styled.p>
        <styled.section
          onClick={[Function]}
          type="button"
        />
      </styled.div>
    </styled.li>
    <styled.li
      key="MYR"
    >
      <styled.div>
        <styled.p>
          MYR
        </styled.p>
        <styled.section
          onClick={[Function]}
          type="button"
        />
      </styled.div>
    </styled.li>
    <styled.li
      key="HRK"
    >
      <styled.div>
        <styled.p>
          HRK
        </styled.p>
        <styled.section
          onClick={[Function]}
          type="button"
        />
      </styled.div>
    </styled.li>
  </styled.ul>
</Fragment>
`;

exports[`Test 1`] = `
<Component
  theme={
    Object {
      "breakpoints": Object {
        "mobileL": "screen and (max-width: 425px)",
        "tablet": "screen and (max-width: 768px)",
      },
      "colors": Object {
        "black": "#000000",
        "dark": "#56809b",
        "hover": "#67a030",
        "main": "#a6dbfb",
        "red": "#800000",
        "text": "#0e2b3c",
        "transparent": "#ffffff00",
        "white": "#ffffff",
      },
    }
  }
>
  <styled.p>
    <p
      className="sc-kfYqjs eSOltQ"
    />
  </styled.p>
</Component>
`;
